Creating network "tcc_gerenciamento_rede_socket-net" with driver "bridge"
Creating network "tcc_gerenciamento_rede_default" with the default driver
Creating volume "tcc_gerenciamento_rede_results_vol" with default driver
Building server
DEPRECATED: The legacy builder is deprecated and will be removed in a future release.
            Install the buildx component to build images with BuildKit:
            https://docs.docker.com/go/buildx/

Sending build context to Docker daemon  274.9kB
Step 1/5 : FROM python:3.9-slim
 ---> 085da638e1b8
Step 2/5 : WORKDIR /app
 ---> Using cache
 ---> eae766f66823
Step 3/5 : COPY src/socket/server.py .
 ---> fec46beac60f
Step 4/5 : RUN pip install --no-cache-dir numpy
 ---> Running in 9e8b590c96ae
Collecting numpy
  Downloading numpy-2.0.2-cp39-cp39-manylinux_2_17_x86_64.manylinux2014_x86_64.whl (19.5 MB)
     ━━━━━━━━━━━━━━━━━━━━━━━━━━━━━━━━━━━━━━━━ 19.5/19.5 MB 23.3 MB/s eta 0:00:00
Installing collected packages: numpy
Successfully installed numpy-2.0.2
[91mWARNING: Running pip as the 'root' user can result in broken permissions and conflicting behaviour with the system package manager. It is recommended to use a virtual environment instead: https://pip.pypa.io/warnings/venv
[0m[91m
[notice] A new release of pip is available: 23.0.1 -> 26.0.1
[notice] To update, run: pip install --upgrade pip
[0m ---> Removed intermediate container 9e8b590c96ae
 ---> 63c74f2e9f4b
Step 5/5 : CMD ["python", "server.py"]
 ---> Running in 53283953ea94
 ---> Removed intermediate container 53283953ea94
 ---> 732849887b08
Successfully built 732849887b08
Successfully tagged tcc_gerenciamento_rede_server:latest
Building client
DEPRECATED: The legacy builder is deprecated and will be removed in a future release.
            Install the buildx component to build images with BuildKit:
            https://docs.docker.com/go/buildx/

Sending build context to Docker daemon  276.5kB
Step 1/4 : FROM python:3.9-slim
 ---> 085da638e1b8
Step 2/4 : WORKDIR /app
 ---> Using cache
 ---> eae766f66823
Step 3/4 : COPY src/socket/client.py .
 ---> 060f9f582012
Step 4/4 : CMD ["python", "client.py"]
 ---> Running in 58945e586b8c
 ---> Removed intermediate container 58945e586b8c
 ---> 970a0d388b18
Successfully built 970a0d388b18
Successfully tagged tcc_gerenciamento_rede_client:latest
Building ebpf-collector
DEPRECATED: The legacy builder is deprecated and will be removed in a future release.
            Install the buildx component to build images with BuildKit:
            https://docs.docker.com/go/buildx/

Sending build context to Docker daemon  277.5kB
Step 1/6 : FROM ubuntu:22.04
 ---> 8ea4cbcf3a26
Step 2/6 : ENV DEBIAN_FRONTEND=noninteractive
 ---> Using cache
 ---> f1e2776e3eff
Step 3/6 : RUN apt update && apt install -y     python3     python3-pip     bpfcc-tools     python3-bpfcc     linux-headers-generic     libpython3.10-dev     iproute2     net-tools     curl     && rm -rf /var/lib/apt/lists/*
 ---> Using cache
 ---> a74b54fa76f7
Step 4/6 : RUN pip3 install --no-cache-dir psutil prometheus_client
 ---> Using cache
 ---> add5a33d21e8
Step 5/6 : WORKDIR /app
 ---> Using cache
 ---> 4a647476eddf
Step 6/6 : CMD ["/bin/bash"]
 ---> Using cache
 ---> 39153128af1b
Successfully built 39153128af1b
Successfully tagged tcc_gerenciamento_rede_ebpf-collector:latest
Building sysstat-collector
DEPRECATED: The legacy builder is deprecated and will be removed in a future release.
            Install the buildx component to build images with BuildKit:
            https://docs.docker.com/go/buildx/

Sending build context to Docker daemon  278.5kB
Step 1/6 : FROM ubuntu:22.04
 ---> 8ea4cbcf3a26
Step 2/6 : ENV DEBIAN_FRONTEND=noninteractive
 ---> Using cache
 ---> f1e2776e3eff
Step 3/6 : RUN apt update && apt install -y     python3     python3-pip     bpfcc-tools     python3-bpfcc     linux-headers-generic     libpython3.10-dev     iproute2     net-tools     curl     && rm -rf /var/lib/apt/lists/*
 ---> Using cache
 ---> a74b54fa76f7
Step 4/6 : RUN pip3 install --no-cache-dir psutil prometheus_client
 ---> Using cache
 ---> add5a33d21e8
Step 5/6 : WORKDIR /app
 ---> Using cache
 ---> 4a647476eddf
Step 6/6 : CMD ["/bin/bash"]
 ---> Using cache
 ---> 39153128af1b
Successfully built 39153128af1b
Successfully tagged tcc_gerenciamento_rede_sysstat-collector:latest
Building prometheus-collector
DEPRECATED: The legacy builder is deprecated and will be removed in a future release.
            Install the buildx component to build images with BuildKit:
            https://docs.docker.com/go/buildx/

Sending build context to Docker daemon  279.6kB
Step 1/6 : FROM ubuntu:22.04
 ---> 8ea4cbcf3a26
Step 2/6 : ENV DEBIAN_FRONTEND=noninteractive
 ---> Using cache
 ---> f1e2776e3eff
Step 3/6 : RUN apt update && apt install -y     python3     python3-pip     bpfcc-tools     python3-bpfcc     linux-headers-generic     libpython3.10-dev     iproute2     net-tools     curl     && rm -rf /var/lib/apt/lists/*
 ---> Using cache
 ---> a74b54fa76f7
Step 4/6 : RUN pip3 install --no-cache-dir psutil prometheus_client
 ---> Using cache
 ---> add5a33d21e8
Step 5/6 : WORKDIR /app
 ---> Using cache
 ---> 4a647476eddf
Step 6/6 : CMD ["/bin/bash"]
 ---> Using cache
 ---> 39153128af1b
Successfully built 39153128af1b
Successfully tagged tcc_gerenciamento_rede_prometheus-collector:latest
Building comparator
DEPRECATED: The legacy builder is deprecated and will be removed in a future release.
            Install the buildx component to build images with BuildKit:
            https://docs.docker.com/go/buildx/

Sending build context to Docker daemon  280.6kB
Step 1/6 : FROM ubuntu:22.04
 ---> 8ea4cbcf3a26
Step 2/6 : ENV DEBIAN_FRONTEND=noninteractive
 ---> Using cache
 ---> f1e2776e3eff
Step 3/6 : RUN apt update && apt install -y     python3     python3-pip     bpfcc-tools     python3-bpfcc     linux-headers-generic     libpython3.10-dev     iproute2     net-tools     curl     && rm -rf /var/lib/apt/lists/*
 ---> Using cache
 ---> a74b54fa76f7
Step 4/6 : RUN pip3 install --no-cache-dir psutil prometheus_client
 ---> Using cache
 ---> add5a33d21e8
Step 5/6 : WORKDIR /app
 ---> Using cache
 ---> 4a647476eddf
Step 6/6 : CMD ["/bin/bash"]
 ---> Using cache
 ---> 39153128af1b
Successfully built 39153128af1b
Successfully tagged tcc_gerenciamento_rede_comparator:latest
Creating socket-server ... 
Creating socket-server ... done
Creating socket-client ... 
Creating ebpf-collector ... 
Creating sysstat-collector ... 
Creating prometheus-collector ... 
Creating prometheus-collector ... done
Creating sysstat-collector    ... done
Creating ebpf-collector       ... done
Creating comparator           ... 
Creating socket-client        ... done
Creating comparator           ... done
